,,,AATAMS Tag Summary,,,,,,
Tag releases,,,,,,,,,
,,total:,,,3,,,,
,,this year:,,,3,,,,
,,last 30 days:,,,0,,,,
,,% embargoed:,,,66.67,,,,
,,,,species,,current releases,total releases,,
,,,,White Shark,,2,2,,
,,,,Blue Fin Tuna,,1,1,,
,14/09/2011 10:11,,,,,,,Page 1 of, 1