,,AATAMS Receiver Deployments,,,,,,,,,,,,,
,,,station,,code name,latitude,longitude,deployment date,acoustic release ID,mooring type,depth (m),,comments,,
,project:,,,Tuna,,,,,,,,,,,
,installation:,,,Ningaloo Array,,,,,,,,,,,
,,,Ningaloo S1,,VR2W-101338,10.1234,10.1234,15/05/2011 12:34,asdf,CONCRETE BLOCK,5.00,,,,
13/09/2011 11:44,,,,,,,,,,,,,,Page 1 of, 1
