station name,receiver ID,timestamp,description,data,units
Shark station,VR2W-101338,2012-02-02 17:05:00,desc,123,m
Shark station,VR2W-101338,2012-02-02 17:05:01,desc,123,m
Shark station,VR2W-101338,2012-02-02 17:05:02,desc,123,m
Tuna station,VR2W-101338,2012-02-02 17:05:00,desc,123,m
Tuna station,VR2W-101338,2012-02-02 17:05:01,desc,123,m
