,,AATAMS Installations,,,,,,,,
,,,configuration,,station name,curtain position,latitude,longitude,,
,project:,,,Seal Count,,,,,,
,installation:,,,Bondi Line,,,,,,
,,,CURTAIN,,Bondi SW1,1,30.1234,30.1234,,
,,,CURTAIN,,Bondi SW2,2,-10.1234,-10.1234,,
,,,CURTAIN,,Bondi SW3,3,10.1234,10.1234,,
,installation:,,,Heron Island ,,,,,,
,,,CURTAIN,,Heron S1,1,-42.3,12.34,,
,,,CURTAIN,,Heron S2,2,-20.1234,76.02,,
13/09/2011 11:35,,,,,,,,,Page 1 of, 2
