,,AATAMS Receivers,,,,,,,,
,,,code name,,status,manufacturer,model,serial number,,
,organisation:,,,CSIRO,,,,,,
,,,VR2W-101336,,DEPLOYED,Vemco,XYZ,12345678,,
,,,VR2W-101337,,DEPLOYED,Vemco,XYZ,87654321,,
,organisation:,,,IMOS,,,,,,
,,,VR2W-101338,,NEW,Vemco,XYZ,1111,,
,,,VR2W-101344,,NEW,Vemco,XYZ,4444,,
,,,VR2W-101355,,NEW,Vemco,XYZ,5555,,
08/09/2011 15:52,,,,,,,,,Page 1 of, 1