timestamp,station name,latitude,longitude,receiver ID,tag ID,species,uploader,transmitter ID,organisation,sensor value,sensor unit
2011-05-17 02:54:00,Bondi SW1,30.1234,30.1234,VR2W-101336,A69-1303-21111,37010003 - Carcharodon carcharias (White Shark),Project User,A69-1303-21111,CSIRO,,
2011-05-17 02:54:00,Bondi SW1,30.1234,30.1234,VR2W-101336,A69-1303-23333,37010003 - Carcharodon carcharias (White Shark),Project User,A69-1303-23333,CSIRO,,
2011-05-17 02:54:00,Bondi SW1,30.1234,30.1234,VR2W-101336,A69-1303-22222,37010003 - Carcharodon carcharias (White Shark),Project User,A69-1303-22222,CSIRO,,
2011-05-17 02:54:01,Bondi SW1,30.1234,30.1234,VR2W-101336,A69-1303-62339,37010003 - Carcharodon carcharias (White Shark),Jon Burgess,A69-1303-62339,CSIRO,,
2011-05-17 02:54:05,Bondi SW1,30.1234,30.1234,VR2W-101336,A69-1303-62339,37010003 - Carcharodon carcharias (White Shark),Jon Burgess,A69-1303-62339,CSIRO,,
2011-05-17 02:54:03,Bondi SW1,30.1234,30.1234,VR2W-101336,A69-1303-62339,37010003 - Carcharodon carcharias (White Shark),Jon Burgess,A69-1303-62339,CSIRO,,
2011-05-17 02:54:04,Bondi SW1,30.1234,30.1234,VR2W-101336,A69-1303-62339,37010003 - Carcharodon carcharias (White Shark),Jon Burgess,A69-1303-62339,CSIRO,,
2011-05-17 02:54:09,Bondi SW1,30.1234,30.1234,VR2W-101336,A69-1303-62339,37010003 - Carcharodon carcharias (White Shark),Jon Burgess,A69-1303-62339,CSIRO,,
2011-05-17 02:54:08,Bondi SW1,30.1234,30.1234,VR2W-101336,A69-1303-62339,37010003 - Carcharodon carcharias (White Shark),Jon Burgess,A69-1303-62339,CSIRO,,
2011-05-17 02:54:06,Bondi SW1,30.1234,30.1234,VR2W-101336,A69-1303-62339,37010003 - Carcharodon carcharias (White Shark),Jon Burgess,A69-1303-62339,CSIRO,,
2011-05-17 02:54:00,Bondi SW1,30.1234,30.1234,VR2W-101336,A69-1303-62339,37010003 - Carcharodon carcharias (White Shark),Jon Burgess,A69-1303-62339,CSIRO,,
2011-05-17 02:54:02,Bondi SW1,30.1234,30.1234,VR2W-101336,A69-1303-62339,37010003 - Carcharodon carcharias (White Shark),Jon Burgess,A69-1303-62339,CSIRO,,
2011-05-17 02:54:07,Bondi SW1,30.1234,30.1234,VR2W-101336,A69-1303-62339,37010003 - Carcharodon carcharias (White Shark),Jon Burgess,A69-1303-62339,CSIRO,,
2011-05-17 02:54:01,Heron S1,-42.3,12.34,VR2-101344,A69-1303-3333,,Jon Burgess,A69-1303-3333,IMOS,,
2011-05-17 02:54:00,Heron S1,-42.3,12.34,VR2-101344,A69-1303-3333,,Jon Burgess,A69-1303-3333,IMOS,,
2011-05-17 02:54:02,Heron S1,-42.3,12.34,VR2-101344,A69-1303-3333,,Jon Burgess,A69-1303-3333,IMOS,,
2011-05-17 02:54:00,Whale Station,-20.1234,76.02,VR2W-103377,,,Joe Bloggs,A69-1303-8888,IMOS,,
2011-05-17 02:54:01,Whale Station,-20.1234,76.02,VR2W-103377,,,Joe Bloggs,A69-1303-8888,IMOS,,
2011-05-17 02:54:02,Whale Station,-20.1234,76.02,VR2W-103377,,,Joe Bloggs,A69-1303-8888,IMOS,,
2011-05-17 02:54:02,Whale Station,-20.1234,76.02,VR2W-103377,A69-1303-7777,41110001 - Eubalaena australis (southern right whale),Joe Bloggs,A69-1303-7777,IMOS,,
2011-05-17 02:54:01,Whale Station,-20.1234,76.02,VR2W-103377,A69-1303-7777,41110001 - Eubalaena australis (southern right whale),Joe Bloggs,A69-1303-7777,IMOS,,
2011-05-17 02:54:00,Whale Station,-20.1234,76.02,VR2W-103377,A69-1303-7777,41110001 - Eubalaena australis (southern right whale),Joe Bloggs,A69-1303-7777,IMOS,,
2011-05-17 02:54:00,Whale Station,-20.1234,76.02,VR2W-103377,A69-1303-6666,41110001 - Eubalaena australis (southern right whale),Joe Bloggs,A69-1303-6666,IMOS,,
2011-05-17 02:54:01,Whale Station,-20.1234,76.02,VR2W-103377,A69-1303-6666,41110001 - Eubalaena australis (southern right whale),Joe Bloggs,A69-1303-6666,IMOS,,
2011-05-17 02:54:02,Whale Station,-20.1234,76.02,VR2W-103377,A69-1303-6666,41110001 - Eubalaena australis (southern right whale),Joe Bloggs,A69-1303-6666,IMOS,,
