,,AATAMS Receiver Deployments,,,,,,,,,,,,,
,,,station,,code name,latitude,longitude,deployment date,acoustic release ID,mooring type,depth (m),,comments,,
,project:,,,Seal Count,,,,,,,,,,,
,installation:,,,Heron Island ,,,,,,,,,,,
,,,Heron S1,,VR2W-101344,-42.3,12.34,15/05/2011 12:34,asdf,CONCRETE BLOCK,5.00,This was fun to deploy,,,
,,,Heron S2,,VR2W-101355,-20.1234,76.02,15/05/2011 12:34,asdf,CONCRETE BLOCK,5.00,,,,
13/09/2011 11:44,,,,,,,,,,,,,,Page 1 of, 1
